// Jest Snapshot v1, https://goo.gl/fbAQLP

exports[`Pruebas en el componente <NavBar /> Snapshot del componente cuando se muestra el nombre 1`] = `
<div>
  <nav
    class="navbar navbar-expand-sm navbar-dark bg-dark p-2"
  >
    <div
      class="container-fluid"
    >
      <a
        class="navbar-brand"
        href="/"
      >
        Asociaciones
      </a>
      <div
        class="collapse navbar-collapse"
        id="navbarNavAltMarkup"
      >
        <div
          class="navbar-nav"
        >
          <a
            class="nav-link "
            href="/marvel"
          >
            Marvel
          </a>
          <a
            class="nav-link "
            href="/dc"
          >
            Dc
          </a>
          <a
            class="nav-link "
            href="/search"
          >
            Search
          </a>
        </div>
      </div>
    </div>
    <div
      class="navbar-collapse collapse w-100 order-3 dual-collapse2 d-flex justify-content-end"
    >
      <ul
        class="navbar-nav ml-auto"
      >
        <span
          class="nav-item nav-link text-primary"
        >
          Strider
        </span>
        <button
          class="nav-item nav-link btn"
        >
          Logout
        </button>
      </ul>
    </div>
  </nav>
</div>
`;
